// Vitest Snapshot v1, https://vitest.dev/guide/snapshot.html

exports[`threat table class structure snapshot > keeps sticky and compact class hooks stable 1`] = `
{
  "bodyClassName": "threat-table-body threat-table-body--virtualization-ready",
  "headerClassName": "threat-table-header text-left sticky top-0",
  "row": {
    "cells": [
      "Snap",
      "—",
      "Alliance",
      "Caracal",
      "—",
    ],
    "compact": true,
    "id": "snap-1",
    "identity": {
      "avatarLabel": "S",
      "dimmed": false,
      "metadata": "— · Alliance",
      "metadataClassName": "threat-cell-meta-muted",
      "name": "Snap",
    },
    "numericCells": {
      "avgGangSize": "4",
      "dangerPercent": "62%",
      "kills": "4",
      "losses": "2",
      "soloPercent": "15%",
    },
    "rowClassName": "threat-table-row is-hoverable is-selected is-compact",
    "score": {
      "badgeText": "HIGH 77",
      "level": "high",
      "text": "77",
    },
    "scoreCell": {
      "align": "right",
      "text": "HIGH 77",
    },
    "selected": true,
    "tagCell": {
      "overflowCount": 0,
      "overflowTooltip": null,
      "tooltip": "Tags: FC, Scout, Cyno, Logi • Rationale: No rationale available",
      "visible": [
        {
          "label": "FC",
          "tone": "danger",
        },
        {
          "label": "Cyno",
          "tone": "danger",
        },
      ],
    },
    "tags": [
      {
        "label": "FC",
        "tone": "danger",
      },
      {
        "label": "Cyno",
        "tone": "danger",
      },
    ],
    "threatBandClassName": "threat-band--high",
    "virtualizationKey": "row-snap-1",
    "warningBadgeText": null,
    "warningIcon": null,
    "warningIndicator": "none",
  },
  "scrollContainerClassName": "threat-table-scroll threat-table-scroll--fixed-height",
  "stickyHeader": true,
}
`;
